python : C:\Users\Jeswin\AppData\Local\Programs\Python\Pyt
hon310\lib\site-packages\google\api_core\_python_version_s
upport.py:275: FutureWarning: You are using a Python 
version (3.10.11) which Google will stop supporting in 
new releases of google.api_core once it reaches its end 
of life (2026-10-04). Please upgrade to the latest Python 
version, or at least Python 3.11, to continue receiving 
updates for google.api_core past that date.
At line:1 char:1
+ python test_ai.py > test_output.txt 2>&1 ; cat 
test_output.txt
+ ~~~~~~~~~~~~~~~~~~~~~~~~~~~~~~~~~~~~~~~~
    + CategoryInfo          : NotSpecified: (C:\Users\Jes 
   win...past that date.:String) [], RemoteException
    + FullyQualifiedErrorId : NativeCommandError
 
  warnings.warn(message, FutureWarning)
D:\ClassSight\ClassSight\backend\services\ai_service.py:16
: FutureWarning: 

All support for the `google.generativeai` package has 
ended. It will no longer be receiving 
updates or bug fixes. Please switch to the `google.genai` 
package as soon as possible.
See README for more details:

https://github.com/google-gemini/deprecated-generative-ai-
python/blob/main/README.md

  import google.generativeai as genai
======================================================================
ClassSight AI Service Test Script
======================================================================
Model: gemini-1.5-flash
Temperature: 0.7
Max Tokens: 1024
======================================================================

Traceback (most recent call last):
  File "D:\ClassSight\ClassSight\backend\test_ai.py", 
line 149, in <module>
    test_ai_service()
  File "D:\ClassSight\ClassSight\backend\test_ai.py", 
line 36, in test_ai_service
    print("\U0001f504 Initializing AI service...")
  File "C:\Users\Jeswin\AppData\Local\Programs\Python\Pyth
on310\lib\encodings\cp1252.py", line 19, in encode
    return 
codecs.charmap_encode(input,self.errors,encoding_table)[0]
UnicodeEncodeError: 'charmap' codec can't encode 
character '\U0001f504' in position 0: character maps to 
<undefined>
